
> ahmdluthu-kannur@0.1.0 build
> next build

Γû▓ Next.js 16.1.6 (Turbopack)
- Environments: .env.local

  Creating an optimized production build ...
Γ£ô Compiled successfully in 49s
  Running TypeScript ...
  Collecting page data using 7 workers ...
  Generating static pages using 7 workers (0/9) ...
  Generating static pages using 7 workers (2/9) 
  Generating static pages using 7 workers (4/9) 
  Generating static pages using 7 workers (6/9) 
Γ£ô Generating static pages using 7 workers (9/9) in 1347.0ms
  Finalizing page optimization ...

Route (app)
Γöî Γùï /
Γö£ Γùï /_not-found
Γö£ ╞Æ /api/chat
Γö£ ╞Æ /api/contact
Γö£ ╞Æ /api/leads
Γö£ ╞Æ /api/subscribe
Γö£ Γùï /blog
Γö£ ╞Æ /blog/[slug]
Γöö Γùï /icon.svg


Γùï  (Static)   prerendered as static content
╞Æ  (Dynamic)  server-rendered on demand

